// Jest Snapshot v1, https://goo.gl/fbAQLP

exports[`Flexbox snapshot matches snapshot 1`] = `
.c0 {
  display: flex;
  flex-direction: column;
  flex-wrap: nowrap;
  align-items: center;
  justify-content: center;
  gap: 16px;
}

<div
  class="c0"
>
  <div>
    Child 1
  </div>
  <div>
    Child 2
  </div>
</div>
`;
